###############################################################################
#
# IAR ELF Linker V8.11.2.13589/W32 for ARM                02/Jun/2018  16:03:05
# Copyright 2007-2017 IAR Systems AB.
#
#    Output file  =  
#        D:\huang\5.28\523\520\OLED_摄像头 -
#        副本\测试1（带电机舵机）\Prj\IAR\FN15_Debug\Exe\vcan_Kinetis.out
#    Map file     =  
#        D:\huang\5.28\523\520\OLED_摄像头 -
#        副本\测试1（带电机舵机）\Prj\IAR\FN15_Debug\List\vcan_Kinetis.map
#    Command line =  
#        -f C:\Users\Administrator\AppData\Local\Temp\EW50C5.tmp
#        ("D:\huang\5.28\523\520\OLED_摄像头 -
#        副本\测试1（带电机舵机）\Prj\IAR\FN15_Debug\Obj\diskio.o"
#        "D:\huang\5.28\523\520\OLED_摄像头 -
#        副本\测试1（带电机舵机）\Prj\IAR\FN15_Debug\Obj\ff.o"
#        "D:\huang\5.28\523\520\OLED_摄像头 -
#        副本\测试1（带电机舵机）\Prj\IAR\FN15_Debug\Obj\main.o"
#        "D:\huang\5.28\523\520\OLED_摄像头 -
#        副本\测试1（带电机舵机）\Prj\IAR\FN15_Debug\Obj\misc.o"
#        "D:\huang\5.28\523\520\OLED_摄像头 -
#        副本\测试1（带电机舵机）\Prj\IAR\FN15_Debug\Obj\MK60_adc.o"
#        "D:\huang\5.28\523\520\OLED_摄像头 -
#        副本\测试1（带电机舵机）\Prj\IAR\FN15_Debug\Obj\MK60_can.o"
#        "D:\huang\5.28\523\520\OLED_摄像头 -
#        副本\测试1（带电机舵机）\Prj\IAR\FN15_Debug\Obj\MK60_conf.o"
#        "D:\huang\5.28\523\520\OLED_摄像头 -
#        副本\测试1（带电机舵机）\Prj\IAR\FN15_Debug\Obj\MK60_dac.o"
#        "D:\huang\5.28\523\520\OLED_摄像头 -
#        副本\测试1（带电机舵机）\Prj\IAR\FN15_Debug\Obj\MK60_dma.o"
#        "D:\huang\5.28\523\520\OLED_摄像头 -
#        副本\测试1（带电机舵机）\Prj\IAR\FN15_Debug\Obj\MK60_DWT.o"
#        "D:\huang\5.28\523\520\OLED_摄像头 -
#        副本\测试1（带电机舵机）\Prj\IAR\FN15_Debug\Obj\MK60_flash.o"
#        "D:\huang\5.28\523\520\OLED_摄像头 -
#        副本\测试1（带电机舵机）\Prj\IAR\FN15_Debug\Obj\MK60_flexbus.o"
#        "D:\huang\5.28\523\520\OLED_摄像头 -
#        副本\测试1（带电机舵机）\Prj\IAR\FN15_Debug\Obj\MK60_ftm.o"
#        "D:\huang\5.28\523\520\OLED_摄像头 -
#        副本\测试1（带电机舵机）\Prj\IAR\FN15_Debug\Obj\MK60_gpio.o"
#        "D:\huang\5.28\523\520\OLED_摄像头 -
#        副本\测试1（带电机舵机）\Prj\IAR\FN15_Debug\Obj\MK60_i2c.o"
#        "D:\huang\5.28\523\520\OLED_摄像头 -
#        副本\测试1（带电机舵机）\Prj\IAR\FN15_Debug\Obj\MK60_it.o"
#        "D:\huang\5.28\523\520\OLED_摄像头 -
#        副本\测试1（带电机舵机）\Prj\IAR\FN15_Debug\Obj\MK60_lptmr.o"
#        "D:\huang\5.28\523\520\OLED_摄像头 -
#        副本\测试1（带电机舵机）\Prj\IAR\FN15_Debug\Obj\MK60_mcg.o"
#        "D:\huang\5.28\523\520\OLED_摄像头 -
#        副本\测试1（带电机舵机）\Prj\IAR\FN15_Debug\Obj\MK60_PIT.o"
#        "D:\huang\5.28\523\520\OLED_摄像头 -
#        副本\测试1（带电机舵机）\Prj\IAR\FN15_Debug\Obj\MK60_port.o"
#        "D:\huang\5.28\523\520\OLED_摄像头 -
#        副本\测试1（带电机舵机）\Prj\IAR\FN15_Debug\Obj\MK60_rtc.o"
#        "D:\huang\5.28\523\520\OLED_摄像头 -
#        副本\测试1（带电机舵机）\Prj\IAR\FN15_Debug\Obj\MK60_sdhc.o"
#        "D:\huang\5.28\523\520\OLED_摄像头 -
#        副本\测试1（带电机舵机）\Prj\IAR\FN15_Debug\Obj\MK60_spi.o"
#        "D:\huang\5.28\523\520\OLED_摄像头 -
#        副本\测试1（带电机舵机）\Prj\IAR\FN15_Debug\Obj\MK60_SysTick.o"
#        "D:\huang\5.28\523\520\OLED_摄像头 -
#        副本\测试1（带电机舵机）\Prj\IAR\FN15_Debug\Obj\MK60_uart.o"
#        "D:\huang\5.28\523\520\OLED_摄像头 -
#        副本\测试1（带电机舵机）\Prj\IAR\FN15_Debug\Obj\MK60_usb.o"
#        "D:\huang\5.28\523\520\OLED_摄像头 -
#        副本\测试1（带电机舵机）\Prj\IAR\FN15_Debug\Obj\MK60_wdog.o"
#        "D:\huang\5.28\523\520\OLED_摄像头 -
#        副本\测试1（带电机舵机）\Prj\IAR\FN15_Debug\Obj\move.o"
#        "D:\huang\5.28\523\520\OLED_摄像头 -
#        副本\测试1（带电机舵机）\Prj\IAR\FN15_Debug\Obj\oled.o"
#        "D:\huang\5.28\523\520\OLED_摄像头 -
#        副本\测试1（带电机舵机）\Prj\IAR\FN15_Debug\Obj\PID.o"
#        "D:\huang\5.28\523\520\OLED_摄像头 -
#        副本\测试1（带电机舵机）\Prj\IAR\FN15_Debug\Obj\startup_MK60DZ10.o"
#        "D:\huang\5.28\523\520\OLED_摄像头 -
#        副本\测试1（带电机舵机）\Prj\IAR\FN15_Debug\Obj\system_MK60DZ10.o"
#        "D:\huang\5.28\523\520\OLED_摄像头 -
#        副本\测试1（带电机舵机）\Prj\IAR\FN15_Debug\Obj\turn.o"
#        "D:\huang\5.28\523\520\OLED_摄像头 -
#        副本\测试1（带电机舵机）\Prj\IAR\FN15_Debug\Obj\USB.o"
#        "D:\huang\5.28\523\520\OLED_摄像头 -
#        副本\测试1（带电机舵机）\Prj\IAR\FN15_Debug\Obj\USB_CDC.o"
#        "D:\huang\5.28\523\520\OLED_摄像头 -
#        副本\测试1（带电机舵机）\Prj\IAR\FN15_Debug\Obj\VCAN_ASCII.o"
#        "D:\huang\5.28\523\520\OLED_摄像头 -
#        副本\测试1（带电机舵机）\Prj\IAR\FN15_Debug\Obj\VCAN_BMP.o"
#        "D:\huang\5.28\523\520\OLED_摄像头 -
#        副本\测试1（带电机舵机）\Prj\IAR\FN15_Debug\Obj\VCAN_camera.o"
#        "D:\huang\5.28\523\520\OLED_摄像头 -
#        副本\测试1（带电机舵机）\Prj\IAR\FN15_Debug\Obj\VCAN_computer.o"
#        "D:\huang\5.28\523\520\OLED_摄像头 -
#        副本\测试1（带电机舵机）\Prj\IAR\FN15_Debug\Obj\vcan_img2sd.o"
#        "D:\huang\5.28\523\520\OLED_摄像头 -
#        副本\测试1（带电机舵机）\Prj\IAR\FN15_Debug\Obj\VCAN_key.o"
#        "D:\huang\5.28\523\520\OLED_摄像头 -
#        副本\测试1（带电机舵机）\Prj\IAR\FN15_Debug\Obj\VCAN_key_event.o"
#        "D:\huang\5.28\523\520\OLED_摄像头 -
#        副本\测试1（带电机舵机）\Prj\IAR\FN15_Debug\Obj\VCAN_LCD.o"
#        "D:\huang\5.28\523\520\OLED_摄像头 -
#        副本\测试1（带电机舵机）\Prj\IAR\FN15_Debug\Obj\VCAN_LCD_CH.o"
#        "D:\huang\5.28\523\520\OLED_摄像头 -
#        副本\测试1（带电机舵机）\Prj\IAR\FN15_Debug\Obj\VCAN_LCD_ILI9325.o"
#        "D:\huang\5.28\523\520\OLED_摄像头 -
#        副本\测试1（带电机舵机）\Prj\IAR\FN15_Debug\Obj\VCAN_LCD_ILI9341.o"
#        "D:\huang\5.28\523\520\OLED_摄像头 -
#        副本\测试1（带电机舵机）\Prj\IAR\FN15_Debug\Obj\VCAN_LCD_ST7735R.o"
#        "D:\huang\5.28\523\520\OLED_摄像头 -
#        副本\测试1（带电机舵机）\Prj\IAR\FN15_Debug\Obj\VCAN_LCD_ST7735S.o"
#        "D:\huang\5.28\523\520\OLED_摄像头 -
#        副本\测试1（带电机舵机）\Prj\IAR\FN15_Debug\Obj\VCAN_LED.o"
#        "D:\huang\5.28\523\520\OLED_摄像头 -
#        副本\测试1（带电机舵机）\Prj\IAR\FN15_Debug\Obj\VCAN_MMA7455.o"
#        "D:\huang\5.28\523\520\OLED_摄像头 -
#        副本\测试1（带电机舵机）\Prj\IAR\FN15_Debug\Obj\VCAN_NRF24L0.o"
#        "D:\huang\5.28\523\520\OLED_摄像头 -
#        副本\测试1（带电机舵机）\Prj\IAR\FN15_Debug\Obj\VCAN_NRF24L0_MSG.o"
#        "D:\huang\5.28\523\520\OLED_摄像头 -
#        副本\测试1（带电机舵机）\Prj\IAR\FN15_Debug\Obj\VCAN_OV7725_Eagle.o"
#        "D:\huang\5.28\523\520\OLED_摄像头 -
#        副本\测试1（带电机舵机）\Prj\IAR\FN15_Debug\Obj\VCAN_OV7725_Wolf.o"
#        "D:\huang\5.28\523\520\OLED_摄像头 -
#        副本\测试1（带电机舵机）\Prj\IAR\FN15_Debug\Obj\VCAN_RTC_count.o"
#        "D:\huang\5.28\523\520\OLED_摄像头 -
#        副本\测试1（带电机舵机）\Prj\IAR\FN15_Debug\Obj\VCAN_SCCB.o"
#        "D:\huang\5.28\523\520\OLED_摄像头 -
#        副本\测试1（带电机舵机）\Prj\IAR\FN15_Debug\Obj\vcan_sd_app.o"
#        "D:\huang\5.28\523\520\OLED_摄像头 -
#        副本\测试1（带电机舵机）\Prj\IAR\FN15_Debug\Obj\Vcan_touch.o"
#        "D:\huang\5.28\523\520\OLED_摄像头 -
#        副本\测试1（带电机舵机）\Prj\IAR\FN15_Debug\Obj\VCAN_TSL1401.o"
#        "D:\huang\5.28\523\520\OLED_摄像头 -
#        副本\测试1（带电机舵机）\Prj\IAR\FN15_Debug\Obj\VCAN_UI_VAR.o"
#        "D:\huang\5.28\523\520\OLED_摄像头 -
#        副本\测试1（带电机舵机）\Prj\IAR\FN15_Debug\Obj\vectors.o"
#        --redirect _Printf=_PrintfLargeNoMb --redirect _Scanf=_ScanfLargeNoMb
#        -o "D:\huang\5.28\523\520\OLED_摄像头 -
#        副本\测试1（带电机舵机）\Prj\IAR\FN15_Debug\Exe\vcan_Kinetis.out"
#        --map "D:\huang\5.28\523\520\OLED_摄像头 -
#        副本\测试1（带电机舵机）\Prj\IAR\FN15_Debug\List\vcan_Kinetis.map"
#        --config "D:\huang\5.28\523\520\OLED_摄像头 -
#        副本\测试1（带电机舵机）\Prj\IAR\config
#        files\vcan_ROM_K60N1M.icf" "D:\huang\5.28\523\520\OLED_摄像头 -
#        副本\测试1（带电机舵机）\Prj\IAR\..\..\Lib\CMSIS\iar_cortexM4l_math.a"
#        --entry __iar_program_start --redirect __write=__write_buffered --vfe
#        --text_out locale)
#
###############################################################################

*******************************************************************************
*** RUNTIME MODEL ATTRIBUTES
***

CppFlavor       = *
__SystemLibrary = DLib
__dlib_version  = 6


*******************************************************************************
*** HEAP SELECTION
***

The basic heap was selected because no calls to memory allocation
functions were found in the application outside of system library
functions, and there are calls to deallocation functions in the
application.


*******************************************************************************
*** PLACEMENT SUMMARY
***

"A0":  place at 0x00000000 { ro section .intvec };
"A1":  place at 0x00000410 { ro section .noinit };
define block CodeRelocate { section .textrw_init };
"P1":  place in [from 0x00000000 to 0x00100000] { ro, block CodeRelocate };
define block CodeRelocateRam { section .textrw };
define block CSTACK with size = 4K, alignment = 8 { };
define block HEAP with size = 512, alignment = 8 { };
"P2":  place in [from 0x1fff0410 to 0x20010000] {
          rw, block CodeRelocateRam, block CSTACK, block HEAP };
initialize manually with packing = copy, complex ranges { section .data };
initialize manually with packing = copy, complex ranges { section .textrw };

  Section              Kind        Address    Size  Object
  -------              ----        -------    ----  ------
"A0":                                        0x410
  .intvec              const    0x00000000   0x410  vectors.o [1]
                              - 0x00000410   0x410

"A1":                                          0x8
  .noinit              ro code  0x00000410     0x8  startup_MK60DZ10.o [1]
                              - 0x00000418     0x8

"P1":                                       0x7264
  .text                ro code  0x00000418  0x1f48  main.o [1]
  .text                ro code  0x00002360   0x414  oled.o [1]
  .text                ro code  0x00002774   0x1e8  VCAN_OV7725_Eagle.o [1]
  .text                ro code  0x0000295c    0xac  move.o [1]
  .text                ro code  0x00002a08    0x6e  turn.o [1]
  .rodata              const    0x00002a76     0x2  main.o [1]
  .text                ro code  0x00002a78    0xbc  MK60_port.o [1]
  .text                ro code  0x00002b34    0x50  misc.o [1]
  .text                ro code  0x00002b84   0x568  MK60_ftm.o [1]
  .text                ro code  0x000030ec    0x7c  MK60_PIT.o [1]
  .text                ro code  0x00003168    0x98  VCAN_camera.o [1]
  .text                ro code  0x00003200    0xa6  ABImemcpy.o [5]
  .rodata              const    0x000032a6     0x2  main.o [1]
  .text                ro code  0x000032a8    0x22  S32ToDbl.o [4]
  .rodata              const    0x000032ca     0x2  main.o [1]
  .text                ro code  0x000032cc   0x246  DblDiv.o [4]
  .rodata              const    0x00003512     0x2  main.o [1]
  .text                ro code  0x00003514   0x178  DblAdd.o [4]
  .text                ro code  0x0000368c   0x1a2  DblMul.o [4]
  .rodata              const    0x0000382e     0x2  main.o [1]
  .text                ro code  0x00003830    0x3a  DblToS32.o [4]
  .rodata              const    0x0000386a     0x2  main.o [1]
  .text                ro code  0x0000386c    0xe2  DblSub.o [4]
  .rodata              const    0x0000394e     0x2  main.o [1]
  .text                ro code  0x00003950    0x20  DblCmpEq.o [4]
  .text                ro code  0x00003970   0x474  MK60_spi.o [1]
  .text                ro code  0x00003de4    0x70  MK60_DWT.o [1]
  .text                ro code  0x00003e54   0x1c0  MK60_gpio.o [1]
  .text                ro code  0x00004014   0x240  MK60_dma.o [1]
  .text                ro code  0x00004254   0x362  VCAN_SCCB.o [1]
  .rodata              const    0x000045b6     0x2  main.o [1]
  .text                ro code  0x000045b8    0x28  printf.o [3]
  .text                ro code  0x000045e0    0x64  MK60_SysTick.o [1]
  Veneer               ro code  0x00004644     0x8  - Linker created -
  Veneer               ro code  0x0000464c     0x8  - Linker created -
  .text                ro code  0x00004654   0x158  MK60_conf.o [1]
  .text                ro code  0x000047ac     0x8  abs.o [3]
  .text                ro code  0x000047b4   0xc56  xprintflarge_nomb.o [3]
  .rodata              const    0x0000540a     0x2  main.o [1]
  .text                ro code  0x0000540c    0x70  VCAN_LED.o [1]
  .text                ro code  0x0000547c   0x23c  MK60_uart.o [1]
  .text                ro code  0x000056b8    0x9c  VCAN_key.o [1]
  .text                ro code  0x00005754    0x16  strchr.o [5]
  .rodata              const    0x0000576a     0x2  main.o [1]
  .text                ro code  0x0000576c    0x44  xfail_s.o [3]
  .text                ro code  0x000057b0    0x36  strlen.o [5]
  .rodata              const    0x000057e6     0x2  main.o [1]
  .text                ro code  0x000057e8    0x58  memchr.o [5]
  .text                ro code  0x00005840    0xee  I64DivMod.o [5]
  .rodata              const    0x0000592e     0x2  VCAN_camera.o [1]
  .text                ro code  0x00005930    0x70  frexp.o [4]
  .text                ro code  0x000059a0    0x2e  DblCmpLe.o [4]
  .text                ro code  0x000059d0    0x28  DblToU32.o [4]
  .text                ro code  0x000059f8    0x1a  U32ToDbl.o [4]
  .text                ro code  0x00005a14     0x8  xlocale_c.o [3]
  .text                ro code  0x00005a1c     0x6  abort.o [3]
  .text                ro code  0x00005a24     0x2  I64DivZer.o [5]
  .text                ro code  0x00005a28     0xc  XXexit.o [5]
  .data_init                    0x00005a34   0x8b8  <Block>
    Initializer bytes  const    0x00005a34   0x8b8  <for .data-1>
  .rodata              const    0x000062ec   0x400  oled.o [1]
  Veneer               ro code  0x000066ec     0x8  - Linker created -
  .text                ro code  0x000066f4   0x400  MK60_mcg.o [1]
  .rodata              const    0x00006af4   0x228  oled.o [1]
  CodeRelocate                  0x00006d1c   0x1f0  <Block>
    Initializer bytes  const    0x00006d1c   0x1f0  <for CodeRelocateRam-1>
  .text                ro code  0x00006f0c   0x130  system_MK60DZ10.o [1]
  .text                ro code  0x0000703c    0x40  MK60_wdog.o [1]
  .rodata              const    0x0000707c    0x64  MK60_flash.o [1]
  .rodata              const    0x000070e0    0x64  MK60_SysTick.o [1]
  .rodata              const    0x00007144    0x60  MK60_dma.o [1]
  .rodata              const    0x000071a4    0x60  MK60_ftm.o [1]
  .rodata              const    0x00007204    0x60  MK60_gpio.o [1]
  .rodata              const    0x00007264    0x60  MK60_PIT.o [1]
  .rodata              const    0x000072c4    0x60  MK60_spi.o [1]
  .rodata              const    0x00007324    0x60  MK60_uart.o [1]
  .rodata              const    0x00007384    0x5c  misc.o [1]
  .rodata              const    0x000073e0    0x5c  turn.o [1]
  .rodata              const    0x0000743c    0x40  MK60_spi.o [1]
  .text                ro code  0x0000747c    0x40  zero_init3.o [5]
  .rodata              const    0x000074bc    0x3c  MK60_conf.o [1]
  .rodata              const    0x000074f8    0x28  main.o [1]
  .text                ro code  0x00007520    0x28  data_init.o [5]
  .rodata              const    0x00007548    0x24  MK60_conf.o [1]
  .iar.init_table      const    0x0000756c    0x10  - Linker created -
  .rodata              const    0x0000757c    0x20  MK60_conf.o [1]
  .text                ro code  0x0000759c    0x1a  cmain.o [5]
  .text                ro code  0x000075b6     0x4  low_level_init.o [3]
  .text                ro code  0x000075ba     0x4  exit.o [3]
  .text                ro code  0x000075c0     0xa  cexit.o [5]
  .rodata              const    0x000075cc    0x18  VCAN_OV7725_Eagle.o [1]
  .rodata              const    0x000075e4    0x18  VCAN_OV7725_Eagle.o [1]
  .text                ro code  0x000075fc    0x16  xprout.o [3]
  .text                ro code  0x00007614     0xc  putchar.o [3]
  .rodata              const    0x00007620    0x14  MK60_conf.o [1]
  .rodata              const    0x00007634    0x14  VCAN_OV7725_Eagle.o [1]
  .text                ro code  0x00007648     0xc  cstartup_M.o [5]
  .rodata              const    0x00007654     0x8  main.o [1]
  .rodata              const    0x0000765c     0x8  main.o [1]
  .rodata              const    0x00007664     0x8  main.o [1]
  .rodata              const    0x0000766c     0x4  main.o [1]
  .rodata              const    0x00007670     0x4  main.o [1]
  .rodata              const    0x00007674     0x4  MK60_spi.o [1]
  .rodata              const    0x00007678     0x4  xlocale_c.o [3]
  .rodata              const    0x0000767c     0x0  zero_init3.o [5]
                              - 0x0000767c  0x7264

"P2", part 1 of 2:                           0xaa8
  .data                         0x1fff0410   0x8b8  <Block>
    .data-1                     0x1fff0410   0x8b6  <Init block>
      .data            inited   0x1fff0410     0x4  main.o [1]
      .data            inited   0x1fff0414   0x708  MK60_conf.o [1]
      .data            inited   0x1fff0b1c    0x10  MK60_ftm.o [1]
      .data            inited   0x1fff0b2c    0x14  MK60_gpio.o [1]
      .data            inited   0x1fff0b40    0x58  MK60_mcg.o [1]
      .data            inited   0x1fff0b98     0x4  MK60_mcg.o [1]
      .data            inited   0x1fff0b9c    0x14  MK60_port.o [1]
      .data            inited   0x1fff0bb0     0xc  MK60_spi.o [1]
      .data            inited   0x1fff0bbc    0x18  MK60_uart.o [1]
      .data            inited   0x1fff0bd4     0x8  VCAN_key.o [1]
      .data            inited   0x1fff0bdc     0x4  VCAN_LED.o [1]
      .data            inited   0x1fff0be0    0x64  VCAN_OV7725_Eagle.o [1]
      .data            inited   0x1fff0c44    0x38  xlocale_c.o [3]
      .data            inited   0x1fff0c7c    0x48  xfiles.o [3]
      .data            inited   0x1fff0cc4     0x1  VCAN_OV7725_Eagle.o [1]
      .data            inited   0x1fff0cc5     0x1  VCAN_OV7725_Eagle.o [1]
  CodeRelocateRam               0x1fff0cc8   0x1f0  <Block>
    CodeRelocateRam-1           0x1fff0cc8   0x1f0  <Init block>
      Veneer           inited   0x1fff0cc8     0x8  - Linker created -
      Veneer           inited   0x1fff0cd0     0x8  - Linker created -
      .textrw          inited   0x1fff0cd8   0x194  MK60_flash.o [1]
      .textrw          inited   0x1fff0e6c    0x4c  MK60_mcg.o [1]
                              - 0x1fff0eb8   0xaa8

"P2", part 2 of 2:                          0x1a08
  .bss                          0x1fff0eb8  0x1a08  <Block>
    .bss               zero     0x1fff0eb8     0x4  main.o [1]
    .bss               zero     0x1fff0ebc    0x7c  main.o [1]
    .bss               zero     0x1fff0f38    0x78  main.o [1]
    .bss               zero     0x1fff0fb0    0x78  main.o [1]
    .bss               zero     0x1fff1028   0x258  main.o [1]
    .bss               zero     0x1fff1280  0x12c0  main.o [1]
    .bss               zero     0x1fff2540     0x4  main.o [1]
    .bss               zero     0x1fff2544     0x4  main.o [1]
    .bss               zero     0x1fff2548     0x4  main.o [1]
    .bss               zero     0x1fff254c     0x4  main.o [1]
    .bss               zero     0x1fff2550     0x4  main.o [1]
    .bss               zero     0x1fff2554     0x4  main.o [1]
    .bss               zero     0x1fff2558     0x4  main.o [1]
    .bss               zero     0x1fff255c     0x4  main.o [1]
    .bss               zero     0x1fff2560     0x4  main.o [1]
    .bss               zero     0x1fff2564     0x4  main.o [1]
    .bss               zero     0x1fff2568     0x4  main.o [1]
    .bss               zero     0x1fff256c     0x4  main.o [1]
    .bss               zero     0x1fff2570     0x4  main.o [1]
    .bss               zero     0x1fff2574     0x4  main.o [1]
    .bss               zero     0x1fff2578     0x4  main.o [1]
    .bss               zero     0x1fff257c     0x4  main.o [1]
    .bss               zero     0x1fff2580     0x4  main.o [1]
    .bss               zero     0x1fff2584     0x4  main.o [1]
    .bss               zero     0x1fff2588     0x4  main.o [1]
    .bss               zero     0x1fff258c     0x4  main.o [1]
    .bss               zero     0x1fff2590     0x4  main.o [1]
    .bss               zero     0x1fff2594     0x4  main.o [1]
    .bss               zero     0x1fff2598     0x4  main.o [1]
    .bss               zero     0x1fff259c     0x4  main.o [1]
    .bss               zero     0x1fff25a0     0x4  main.o [1]
    .bss               zero     0x1fff25a4    0x10  MK60_ftm.o [1]
    .bss               zero     0x1fff25b4   0x280  oled.o [1]
    .bss               zero     0x1fff2834     0x4  system_MK60DZ10.o [1]
    .bss               zero     0x1fff2838     0x4  system_MK60DZ10.o [1]
    .bss               zero     0x1fff283c     0x4  system_MK60DZ10.o [1]
    .bss               zero     0x1fff2840     0x4  VCAN_OV7725_Eagle.o [1]
    .bss               zero     0x1fff2844     0x4  xfail_s.o [3]
    .bss               zero     0x1fff2848    0x50  xfiles.o [3]
    .bss               zero     0x1fff2898     0x2  main.o [1]
    .bss               zero     0x1fff289a     0x2  main.o [1]
    .bss               zero     0x1fff289c     0x2  main.o [1]
    .bss               zero     0x1fff289e     0x2  main.o [1]
    .bss               zero     0x1fff28a0     0x2  main.o [1]
    .bss               zero     0x1fff28a2     0x2  main.o [1]
    .bss               zero     0x1fff28a4     0x2  main.o [1]
    .bss               zero     0x1fff28a6     0x2  main.o [1]
    .bss               zero     0x1fff28a8     0x2  main.o [1]
    .bss               zero     0x1fff28aa     0x2  main.o [1]
    .bss               zero     0x1fff28ac     0x2  main.o [1]
    .bss               zero     0x1fff28ae     0x2  main.o [1]
    .bss               zero     0x1fff28b0     0x2  main.o [1]
    .bss               zero     0x1fff28b2     0x2  main.o [1]
    .bss               zero     0x1fff28b4     0x2  main.o [1]
    .bss               zero     0x1fff28b6     0x2  main.o [1]
    .bss               zero     0x1fff28b8     0x2  main.o [1]
    .bss               zero     0x1fff28ba     0x2  main.o [1]
    .bss               zero     0x1fff28bc     0x2  main.o [1]
    .bss               zero     0x1fff28be     0x1  main.o [1]
    .bss               zero     0x1fff28bf     0x1  main.o [1]
                              - 0x1fff28c0  0x1a08


*******************************************************************************
*** INIT TABLE
***

          Address     Size
          -------     ----
Zero (__iar_zero_init3)
    1 destination range, total size 0x1a08:
          0x1fff0eb8  0x1a08



*******************************************************************************
*** MODULE SUMMARY
***

    Module               ro code  rw code  ro data  rw data
    ------               -------  -------  -------  -------
D:\huang\5.28\523\520\OLED_摄像头 - 副本\测试1（带电机舵机）\Prj\IAR\FN15_Debug\Obj: [1]
    MK60_DWT.o               112
    MK60_PIT.o               124                96
    MK60_SysTick.o           100               100
    MK60_conf.o              344             1 948    1 800
    MK60_dma.o               576                96
    MK60_flash.o                      404      504
    MK60_ftm.o             1 384               112       32
    MK60_gpio.o              448               116       20
    MK60_mcg.o             1 024       76      168       92
    MK60_port.o              188                20       20
    MK60_spi.o             1 140               176       12
    MK60_uart.o              572               120       24
    MK60_wdog.o               64
    VCAN_LED.o               112                 4        4
    VCAN_OV7725_Eagle.o      488               170      106
    VCAN_SCCB.o              866
    VCAN_camera.o            152                 2
    VCAN_key.o               156                 8        8
    main.o                 8 008                98    5 912
    misc.o                    80                92
    move.o                   172
    oled.o                 1 044             1 576      640
    startup_MK60DZ10.o         8
    system_MK60DZ10.o        304                         12
    turn.o                   110                92
    vectors.o                                1 040
    -------------------------------------------------------
    Total:                17 576      480    6 538    8 682

command line: [2]
    -------------------------------------------------------
    Total:

dl7M_tlf.a: [3]
    abort.o                    6
    abs.o                      8
    exit.o                     4
    low_level_init.o           4
    printf.o                  40
    putchar.o                 12
    xfail_s.o                 68                          4
    xfiles.o                                    72      152
    xlocale_c.o                8                60       56
    xprintflarge_nomb.o    3 158
    xprout.o                  22
    -------------------------------------------------------
    Total:                 3 330               132      212

m7M_tl.a: [4]
    DblAdd.o                 376
    DblCmpEq.o                32
    DblCmpLe.o                46
    DblDiv.o                 582
    DblMul.o                 418
    DblSub.o                 226
    DblToS32.o                58
    DblToU32.o                40
    S32ToDbl.o                34
    U32ToDbl.o                26
    frexp.o                  112
    -------------------------------------------------------
    Total:                 1 950

rt7M_tl.a: [5]
    ABImemcpy.o              166
    I64DivMod.o              238
    I64DivZer.o                2
    XXexit.o                  12
    cexit.o                   10
    cmain.o                   26
    cstartup_M.o              12
    data_init.o               40
    memchr.o                  88
    strchr.o                  22
    strlen.o                  54
    zero_init3.o              64
    -------------------------------------------------------
    Total:                   734

    Gaps                      12                 2
    Linker created            24       16       34
-----------------------------------------------------------
    Grand Total:          23 626      496    6 706    8 894


*******************************************************************************
*** ENTRY LIST
***

Entry                      Address    Size  Type      Object
-----                      -------    ----  ----      ------
.bss$$Base              0x1fff0eb8           --   Gb  - Linker created -
.bss$$Limit             0x1fff28c0           --   Gb  - Linker created -
.data$$Base             0x1fff0410           --   Gb  - Linker created -
.data$$Limit            0x1fff0cc8           --   Gb  - Linker created -
.data_init$$Base        0x00005a34           --   Gb  - Linker created -
.data_init$$Limit       0x000062ec           --   Gb  - Linker created -
.iar.init_table$$Base   0x0000756c           --   Gb  - Linker created -
.iar.init_table$$Limit  0x0000757c           --   Gb  - Linker created -
?main                   0x0000759d          Code  Gb  cmain.o [5]
ASSERT_FAILED_STR       0x00007548    0x24  Data  Gb  MK60_conf.o [1]
CodeRelocate$$Base      0x00006d1c           --   Gb  - Linker created -
CodeRelocate$$Limit     0x00006f0c           --   Gb  - Linker created -
CodeRelocateRam$$Base   0x1fff0cc8           --   Gb  - Linker created -
CodeRelocateRam$$Limit  0x1fff0eb8           --   Gb  - Linker created -
DMA0_IRQHandler         0x00000859     0x8  Code  Gb  main.o [1]
F32x32                  0x000062ec   0x400  Data  Gb  oled.o [1]
F6x8                    0x00006af4   0x228  Data  Gb  oled.o [1]
FTMN                    0x1fff0b1c    0x10  Data  Gb  MK60_ftm.o [1]
FTM_port_mux            0x00002b85   0x1ac  Code  Lc  MK60_ftm.o [1]
GPIOX                   0x1fff0b2c    0x14  Data  Gb  MK60_gpio.o [1]
KEY_PTxn                0x1fff0bd4     0x8  Data  Gb  VCAN_key.o [1]
LED_PTxn                0x1fff0bdc     0x4  Data  Gb  VCAN_LED.o [1]
LoadInt                 0x0000494b    0x7a  Code  Lc  xprintflarge_nomb.o [3]
NVIC_DisableIRQ         0x0000278b    0x16  Code  Lc  VCAN_OV7725_Eagle.o [1]
NVIC_EnableIRQ          0x00000419    0x18  Code  Lc  main.o [1]
NVIC_EnableIRQ          0x00002775    0x16  Code  Lc  VCAN_OV7725_Eagle.o [1]
NVIC_SetPriority        0x00000431    0x2a  Code  Lc  main.o [1]
NVIC_SystemReset        0x00004655    0x1a  Code  Lc  MK60_conf.o [1]
OLED_CLS                0x0000243b    0x40  Code  Gb  oled.o [1]
OLED_Drawcamera         0x0000268d    0x7a  Code  Gb  oled.o [1]
OLED_Fill               0x000023dd    0x5e  Code  Gb  oled.o [1]
OLED_Init               0x0000247b    0xd2  Code  Gb  oled.o [1]
OLED_P32x32Ch           0x000025cb    0xc2  Code  Gb  oled.o [1]
OLED_P6x8Str            0x0000254d    0x7e  Code  Gb  oled.o [1]
OLED_Refresh_Gram       0x00002707    0x5a  Code  Gb  oled.o [1]
OLED_Set_Pos            0x000023ad    0x30  Code  Gb  oled.o [1]
OLED_WB                 0x00002361    0x20  Code  Gb  oled.o [1]
OLED_WrCmd              0x00002397    0x16  Code  Gb  oled.o [1]
OLED_WrDat              0x00002381    0x16  Code  Gb  oled.o [1]
OLED_camera             0x1fff25b4   0x280  Data  Gb  oled.o [1]
PIT0_IRQHandler         0x00000581   0x2aa  Code  Gb  main.o [1]
PORTA_IRQHandler        0x0000082d    0x2c  Code  Gb  main.o [1]
PORTX                   0x1fff0b9c    0x14  Data  Gb  MK60_port.o [1]
Region$$Table$$Base     0x0000756c           --   Gb  - Linker created -
Region$$Table$$Limit    0x0000757c           --   Gb  - Linker created -
Reset_Handler           0x00000411          Code  Gb  startup_MK60DZ10.o [1]
Roundabout_flag         0x1fff25a0     0x4  Data  Gb  main.o [1]
SCCB_Ack                0x00004329    0x3c  Code  Lc  VCAN_SCCB.o [1]
SCCB_GPIO_init          0x0000426f    0x28  Code  Gb  VCAN_SCCB.o [1]
SCCB_NoAck              0x00004365    0x3c  Code  Lc  VCAN_SCCB.o [1]
SCCB_ReadByte           0x00004505    0x2c  Code  Gb  VCAN_SCCB.o [1]
SCCB_ReadByte_one       0x00004531    0x86  Code  Lc  VCAN_SCCB.o [1]
SCCB_ReceiveByte        0x00004431    0x54  Code  Lc  VCAN_SCCB.o [1]
SCCB_SendByte           0x000043ed    0x44  Code  Lc  VCAN_SCCB.o [1]
SCCB_Start              0x00004297    0x5e  Code  Lc  VCAN_SCCB.o [1]
SCCB_Stop               0x000042f5    0x34  Code  Lc  VCAN_SCCB.o [1]
SCCB_WaitAck            0x000043a1    0x4c  Code  Lc  VCAN_SCCB.o [1]
SCCB_WriteByte          0x00004495    0x28  Code  Gb  VCAN_SCCB.o [1]
SCCB_WriteByte_one      0x000044bd    0x48  Code  Lc  VCAN_SCCB.o [1]
SCCB_delay              0x00004255    0x1a  Code  Lc  VCAN_SCCB.o [1]
SD5_Control             0x0000092b   0x3ea  Code  Gb  main.o [1]
SD5_Control_Roundabout  0x00000d15     0xc  Code  Gb  main.o [1]
SD5_Control_all         0x00000d21    0x18  Code  Gb  main.o [1]
SD5_PWM                 0x1fff28ae     0x2  Data  Gb  main.o [1]
SD5_error               0x1fff28a8     0x2  Data  Gb  main.o [1]
SD5_error_abs           0x1fff28ac     0x2  Data  Gb  main.o [1]
SD5_error_last          0x1fff28aa     0x2  Data  Gb  main.o [1]
SPIN                    0x1fff0bb0     0xc  Data  Gb  MK60_spi.o [1]
UARTN                   0x1fff0bbc    0x18  Data  Gb  MK60_uart.o [1]
_GenldLargeNoMb         0x00005111   0x266  Code  Lc  xprintflarge_nomb.o [3]
_LdtobLargeNoMb         0x00004e8b   0x260  Code  Lc  xprintflarge_nomb.o [3]
_LitobLargeNoMb         0x00004d2f   0x116  Code  Lc  xprintflarge_nomb.o [3]
_Locale_lconv           0x1fff0c44    0x38  Data  Lc  xlocale_c.o [3]
_PrintfLargeNoMb        0x000047b5   0x190  Code  Gb  xprintflarge_nomb.o [3]
_Prout                  0x000075fd    0x16  Code  Gb  xprout.o [3]
_PutcharsLargeNoMb      0x00005377    0x2e  Code  Lc  xprintflarge_nomb.o [3]
_PutfldLargeNoMb        0x000049c5   0x25c  Code  Lc  xprintflarge_nomb.o [3]
_PuttxtLargeNoMb        0x00004c21   0x10e  Code  Lc  xprintflarge_nomb.o [3]
__BOOT_STACK_ADDRESS {Abs}
                        0x2000fff8          Data  Gb  command line/config [2]
__VECTOR_RAM {Abs}      0x1fff0000          Data  Gb  command line/config [2]
__VECTOR_TABLE {Abs}    0x00000000          Data  Gb  command line/config [2]
__aeabi_cdcmpeq         0x00003951          Code  Gb  DblCmpEq.o [4]
__aeabi_cdcmple         0x000059a1          Code  Gb  DblCmpLe.o [4]
__aeabi_d2iz            0x00003831          Code  Gb  DblToS32.o [4]
__aeabi_d2uiz           0x000059d1          Code  Gb  DblToU32.o [4]
__aeabi_dadd            0x00003515          Code  Gb  DblAdd.o [4]
__aeabi_ddiv            0x000032cd          Code  Gb  DblDiv.o [4]
__aeabi_dmul            0x0000368d          Code  Gb  DblMul.o [4]
__aeabi_dsub            0x0000386d          Code  Gb  DblSub.o [4]
__aeabi_i2d             0x000032a9          Code  Gb  S32ToDbl.o [4]
__aeabi_ldiv0           0x00005a25          Code  Gb  I64DivZer.o [5]
__aeabi_memcpy          0x00003201          Code  Gb  ABImemcpy.o [5]
__aeabi_memcpy4         0x00003221          Code  Gb  ABImemcpy.o [5]
__aeabi_memcpy8         0x00003221          Code  Gb  ABImemcpy.o [5]
__aeabi_ui2d            0x000059f9          Code  Gb  U32ToDbl.o [4]
__aeabi_uldivmod        0x00005841          Code  Gb  I64DivMod.o [5]
__cmain                 0x0000759d          Code  Gb  cmain.o [5]
__code_start__ {Abs}    0x00000410          Data  Gb  command line/config [2]
__exit                  0x00005a29          Code  Gb  XXexit.o [5]
__iar_Fail_s            0x0000576d    0x1e  Code  Gb  xfail_s.o [3]
__iar_Memchr            0x000057e9          Code  Gb  memchr.o [5]
__iar_Stdout            0x1fff0c7c    0x48  Data  Gb  xfiles.o [3]
__iar_Strchr            0x00005755          Code  Gb  strchr.o [5]
__iar_dadd              0x0000387d          Code  Gb  DblSub.o [4]
__iar_data_init3        0x00007521    0x28  Code  Gb  data_init.o [5]
__iar_dsub              0x00003525          Code  Gb  DblAdd.o [4]
__iar_dsubStart         0x00003537          Code  Gb  DblAdd.o [4]
__iar_frexp             0x0000593d          Code  Gb  frexp.o [4]
__iar_frexp64           0x00005931          Code  Gb  frexp.o [4]
__iar_frexpl            0x0000593d          Code  Gb  frexp.o [4]
__iar_program_start     0x00007649          Code  Gb  cstartup_M.o [5]
__iar_systems$$module {Abs}
                        0x00000001          Data  Gb  command line/config [2]
__iar_zero_init3        0x0000747d    0x40  Code  Gb  zero_init3.o [5]
__low_level_init        0x000075b7     0x4  Code  Gb  low_level_init.o [3]
__vector_table          0x00000000   0x410  Data  Gb  vectors.o [1]
_call_main              0x000075a9          Code  Gb  cmain.o [5]
_exit                   0x000075c1          Code  Gb  cexit.o [5]
_main                   0x000075b3          Code  Gb  cmain.o [5]
abort                   0x00005a1d     0x6  Code  Gb  abort.o [3]
abs                     0x000047ad     0x8  Code  Gb  abs.o [3]
areaextract             0x00000e91   0x240  Code  Gb  main.o [1]
areaextract::row        0x1fff28b6     0x2  Data  Lc  main.o [1]
areasignal              0x00001121   0x68e  Code  Gb  main.o [1]
assert_failed           0x0000466f    0x3a  Code  Gb  MK60_conf.o [1]
back_left               0x1fff2558     0x4  Data  Gb  main.o [1]
back_mid                0x1fff255c     0x4  Data  Gb  main.o [1]
back_right              0x1fff2560     0x4  Data  Gb  main.o [1]
boundry_left            0x1fff2598     0x4  Data  Gb  main.o [1]
boundry_right           0x1fff259c     0x4  Data  Gb  main.o [1]
bus_clk_khz             0x1fff283c     0x4  Data  Gb  system_MK60DZ10.o [1]
centerLine              0x1fff0ebc    0x7c  Data  Gb  main.o [1]
common_startup          0x00006f77    0x8a  Code  Gb  system_MK60DZ10.o [1]
core_clk_khz            0x1fff2834     0x4  Data  Gb  system_MK60DZ10.o [1]
core_clk_mhz            0x1fff2838     0x4  Data  Gb  system_MK60DZ10.o [1]
createPoint             0x00002125   0x1ec  Code  Gb  main.o [1]
cross                   0x1fff0eb8     0x4  Data  Gb  main.o [1]
default_isr             0x00004757    0x34  Code  Gb  MK60_conf.o [1]
dianjicontorl           0x00000d3d   0x104  Code  Gb  main.o [1]
dma_gpio_input_init     0x00004015    0x5c  Code  Lc  MK60_dma.o [1]
dma_portx2buff_init     0x00004071   0x1b0  Code  Gb  MK60_dma.o [1]
duoji_last              0x1fff289c     0x2  Data  Gb  main.o [1]
duty_fin                0x1fff28b0     0x2  Data  Gb  main.o [1]
duty_n                  0x1fff28a4     0x2  Data  Gb  main.o [1]
duty_out                0x1fff28b2     0x2  Data  Gb  main.o [1]
dwt_delay_ms            0x00003e3d    0x18  Code  Gb  MK60_DWT.o [1]
dwt_delay_us            0x00003de5    0x48  Code  Gb  MK60_DWT.o [1]
error                   0x1fff28b4     0x2  Data  Gb  main.o [1]
error_last              0x1fff28a2     0x2  Data  Gb  main.o [1]
exit                    0x000075bb     0x4  Code  Gb  exit.o [3]
findCenterLine          0x00001911   0x814  Code  Gb  main.o [1]
findCenterLine::findLine
                        0x1fff28bc     0x2  Data  Lc  main.o [1]
findCenterLine::leftCount
                        0x1fff28b8     0x2  Data  Lc  main.o [1]
findCenterLine::leftFindFlag
                        0x1fff28be     0x1  Data  Lc  main.o [1]
findCenterLine::rightCount
                        0x1fff28ba     0x2  Data  Lc  main.o [1]
findCenterLine::rightFindFlag
                        0x1fff28bf     0x1  Data  Lc  main.o [1]
flash_cmd               0x1fff0cd9    0x20  Code  Gb  MK60_flash.o [1]
flash_erase_sector      0x1fff0d1d    0x5c  Code  Gb  MK60_flash.o [1]
flash_init              0x1fff0cf9    0x24  Code  Gb  MK60_flash.o [1]
flash_write             0x1fff0d79    0xb6  Code  Gb  MK60_flash.o [1]
fputc                   0x000046a9    0x14  Code  Gb  MK60_conf.o [1]
frexp                   0x00005931          Code  Gb  frexp.o [4]
frexpl                  0x00005931          Code  Gb  frexp.o [4]
front_left              0x1fff2540     0x4  Data  Gb  main.o [1]
front_mid               0x1fff2544     0x4  Data  Gb  main.o [1]
front_right             0x1fff2548     0x4  Data  Gb  main.o [1]
ftm_enable_complementary
                        0x0000299f    0x50  Code  Gb  move.o [1]
ftm_mod                 0x1fff25a4    0x10  Data  Lc  MK60_ftm.o [1]
ftm_pwm_duty            0x00002ecb    0xb2  Code  Gb  MK60_ftm.o [1]
ftm_pwm_init            0x00002d31   0x19a  Code  Gb  MK60_ftm.o [1]
ftm_quad_clean          0x000030ab    0x28  Code  Gb  MK60_ftm.o [1]
ftm_quad_get            0x00003083    0x28  Code  Gb  MK60_ftm.o [1]
ftm_quad_init           0x00002f7d   0x106  Code  Gb  MK60_ftm.o [1]
get_precision           0x00002a09    0x30  Code  Gb  turn.o [1]
gpio_get                0x00003fcb    0x3e  Code  Gb  MK60_gpio.o [1]
gpio_init               0x00003e55    0xbe  Code  Gb  MK60_gpio.o [1]
gpio_set                0x00003f13    0x7c  Code  Gb  MK60_gpio.o [1]
gpio_turn               0x00003f8f    0x3c  Code  Gb  MK60_gpio.o [1]
img                     0x1fff1280  0x12c0  Data  Gb  main.o [1]
img_extract             0x00003169    0x98  Code  Gb  VCAN_camera.o [1]
imgbuff                 0x1fff1028   0x258  Data  Gb  main.o [1]
keep_left               0x1fff2590     0x4  Data  Gb  main.o [1]
keep_right              0x1fff2594     0x4  Data  Gb  main.o [1]
key_check               0x00005725    0x2a  Code  Gb  VCAN_key.o [1]
key_get                 0x0000570b    0x1a  Code  Gb  VCAN_key.o [1]
key_init                0x000056b9    0x52  Code  Gb  VCAN_key.o [1]
led_init                0x0000540d    0x3a  Code  Gb  VCAN_LED.o [1]
led_turn                0x00005447    0x32  Code  Gb  VCAN_LED.o [1]
leftLine                0x1fff0f38    0x78  Data  Gb  main.o [1]
left_flag               0x1fff2588     0x4  Data  Gb  main.o [1]
localeconv              0x00005a15     0x4  Code  Gb  xlocale_c.o [3]
main                    0x0000045b   0x126  Code  Gb  main.o [1]
mcg_cfg                 0x1fff0b40    0x58  Data  Gb  MK60_mcg.o [1]
mcg_div                 0x1fff0b98     0x4  Data  Gb  MK60_mcg.o [1]
mcg_div_count           0x000066f5   0x332  Code  Gb  MK60_mcg.o [1]
memchr                  0x000057e9          Code  Gb  memchr.o [5]
mid1_av                 0x1fff28a6     0x2  Data  Gb  main.o [1]
mid3_av                 0x1fff2898     0x2  Data  Gb  main.o [1]
mid_left                0x1fff254c     0x4  Data  Gb  main.o [1]
mid_mid                 0x1fff2550     0x4  Data  Gb  main.o [1]
mid_right               0x1fff2554     0x4  Data  Gb  main.o [1]
move_forwardl           0x000029ef    0x12  Code  Gb  move.o [1]
move_init               0x0000295d    0x42  Code  Gb  move.o [1]
obuf                    0x1fff2848    0x50  Data  Lc  xfiles.o [3]
ov7725_eagle_cfgnum     0x1fff0cc5     0x1  Data  Gb  VCAN_OV7725_Eagle.o [1]
ov7725_eagle_dma        0x00002833    0x14  Code  Gb  VCAN_OV7725_Eagle.o [1]
ov7725_eagle_get_img    0x00002847    0x42  Code  Gb  VCAN_OV7725_Eagle.o [1]
ov7725_eagle_img_buff   0x1fff2840     0x4  Data  Gb  VCAN_OV7725_Eagle.o [1]
ov7725_eagle_img_flag   0x1fff0cc4     0x1  Data  Gb  VCAN_OV7725_Eagle.o [1]
ov7725_eagle_init       0x000027a1    0x18  Code  Gb  VCAN_OV7725_Eagle.o [1]
ov7725_eagle_port_init  0x000027b9    0x54  Code  Lc  VCAN_OV7725_Eagle.o [1]
ov7725_eagle_reg        0x1fff0be0    0x64  Data  Gb  VCAN_OV7725_Eagle.o [1]
ov7725_eagle_reg_init   0x00002889    0x94  Code  Lc  VCAN_OV7725_Eagle.o [1]
ov7725_eagle_vsync      0x0000280d    0x26  Code  Gb  VCAN_OV7725_Eagle.o [1]
pit_init                0x000030ed    0x6c  Code  Gb  MK60_PIT.o [1]
pll_init                0x00006a27    0xb2  Code  Gb  MK60_mcg.o [1]
port_init               0x00002a79    0x4a  Code  Gb  MK60_port.o [1]
port_init_NoALT         0x00002ac3    0x6a  Code  Gb  MK60_port.o [1]
pre_error               0x1fff28a0     0x2  Data  Gb  main.o [1]
printf                  0x000045b9    0x28  Code  Gb  printf.o [3]
putchar                 0x00007615     0xc  Code  Gb  putchar.o [3]
region1                 0x1fff2564     0x4  Data  Gb  main.o [1]
region2                 0x1fff2568     0x4  Data  Gb  main.o [1]
region3                 0x1fff256c     0x4  Data  Gb  main.o [1]
region4                 0x1fff2570     0x4  Data  Gb  main.o [1]
region5                 0x1fff2574     0x4  Data  Gb  main.o [1]
region6                 0x1fff2578     0x4  Data  Gb  main.o [1]
region7                 0x1fff257c     0x4  Data  Gb  main.o [1]
region8                 0x1fff2580     0x4  Data  Gb  main.o [1]
region9                 0x1fff2584     0x4  Data  Gb  main.o [1]
rightLine               0x1fff0fb0    0x78  Data  Gb  main.o [1]
right_flag              0x1fff258c     0x4  Data  Gb  main.o [1]
scale                   0x00004e45    0x46  Code  Lc  xprintflarge_nomb.o [3]
sec_hand                0x1fff2844     0x4  Data  Lc  xfail_s.o [3]
set_sys_dividers        0x1fff0e6d    0x4c  Code  Gb  MK60_mcg.o [1]
set_vector_handler      0x00002b57    0x22  Code  Gb  misc.o [1]
speed                   0x1fff289a     0x2  Data  Gb  main.o [1]
speedcontrol            0x000017bd   0x108  Code  Gb  main.o [1]
spi_init                0x00003971   0x35e  Code  Gb  MK60_spi.o [1]
spi_mosi                0x00003ccf    0xf2  Code  Gb  MK60_spi.o [1]
start                   0x00006f0d    0x2e  Code  Gb  system_MK60DZ10.o [1]
start_check             0x000046bd    0x9a  Code  Gb  MK60_conf.o [1]
steering_control        0x00000861    0xca  Code  Gb  main.o [1]
strchr                  0x00005755          Code  Gb  strchr.o [5]
strlen                  0x000057b1          Code  Gb  strlen.o [5]
sysinit                 0x00006f3b    0x3c  Code  Gb  system_MK60DZ10.o [1]
systick_delay           0x000045e1    0x36  Code  Gb  MK60_SysTick.o [1]
systick_delay_ms        0x00004617    0x18  Code  Gb  MK60_SysTick.o [1]
turn_duty               0x00002a65    0x12  Code  Gb  turn.o [1]
turn_init               0x00002a39    0x28  Code  Gb  turn.o [1]
uart_init               0x0000547d   0x208  Code  Gb  MK60_uart.o [1]
uart_putchar            0x00005685    0x1a  Code  Gb  MK60_uart.o [1]
val                     0x1fff289e     0x2  Data  Gb  main.o [1]
val_d                   0x1fff0410     0x4  Data  Gb  main.o [1]
vector_str              0x1fff0414   0x708  Data  Gb  MK60_conf.o [1]
wdog_disable            0x0000703d    0x16  Code  Gb  MK60_wdog.o [1]
wdog_unlock             0x00007053    0x20  Code  Lc  MK60_wdog.o [1]
write_vtor              0x00002b35    0x22  Code  Gb  misc.o [1]


[1] = D:\huang\5.28\523\520\OLED_摄像头 - 副本\测试1（带电机舵机）\Prj\IAR\FN15_Debug\Obj
[2] = command line
[3] = dl7M_tlf.a
[4] = m7M_tl.a
[5] = rt7M_tl.a

  23 626 bytes of readonly  code memory
     496 bytes of readwrite code memory
   6 706 bytes of readonly  data memory
   8 894 bytes of readwrite data memory

Errors: none
Warnings: none
